// Jest Snapshot v1, https://goo.gl/fbAQLP

exports[`Header should render children when passed in 1`] = `
ShallowWrapper {
  "length": 1,
  Symbol(enzyme.__root__): [Circular],
  Symbol(enzyme.__unrendered__): <CPCard
    actions={Array []}
    className={null}
    close={false}
    cover=""
    metaAvatar={null}
    metaDesc=""
    metaTitle=""
    more={null}
    noBorder={false}
    title="Events"
    toggle={false}
    type="default"
  >
    
  </CPCard>,
  Symbol(enzyme.__renderer__): Object {
    "batchedUpdates": [Function],
    "getNode": [Function],
    "render": [Function],
    "simulateError": [Function],
    "simulateEvent": [Function],
    "unmount": [Function],
  },
  Symbol(enzyme.__node__): Object {
    "instance": null,
    "key": undefined,
    "nodeType": "class",
    "props": Object {
      "actions": Array [],
      "bordered": true,
      "children": "",
      "className": "card default",
      "cover": "",
      "extra": null,
      "title": "Events",
    },
    "ref": null,
    "rendered": "",
    "type": [Function],
  },
  Symbol(enzyme.__nodes__): Array [
    Object {
      "instance": null,
      "key": undefined,
      "nodeType": "class",
      "props": Object {
        "actions": Array [],
        "bordered": true,
        "children": "",
        "className": "card default",
        "cover": "",
        "extra": null,
        "title": "Events",
      },
      "ref": null,
      "rendered": "",
      "type": [Function],
    },
  ],
  Symbol(enzyme.__options__): Object {
    "adapter": ReactSixteenAdapter {
      "options": Object {
        "enableComponentDidUpdateOnSetState": true,
        "lifecycles": Object {
          "componentDidUpdate": Object {
            "onSetState": true,
          },
          "getDerivedStateFromProps": true,
          "getSnapshotBeforeUpdate": true,
          "setState": Object {
            "skipsComponentDidUpdateOnNullish": true,
          },
        },
      },
    },
  },
}
`;
