// Jest Snapshot v1, https://goo.gl/fbAQLP

exports[`EntityDocumentList Test should render children when passed in 1`] = `
ShallowWrapper {
  Symbol(enzyme.__root__): [Circular],
  Symbol(enzyme.__unrendered__): <EntityDocumentList
    documentData={null}
  />,
  Symbol(enzyme.__renderer__): Object {
    "batchedUpdates": [Function],
    "getNode": [Function],
    "render": [Function],
    "simulateError": [Function],
    "simulateEvent": [Function],
    "unmount": [Function],
  },
  Symbol(enzyme.__node__): Object {
    "instance": null,
    "key": undefined,
    "nodeType": "host",
    "props": Object {
      "children": <b
        className="noData"
      >
        <Icon
          theme="filled"
          type="folder"
        />
        <span>
          سندی موجود نیست
        </span>
      </b>,
      "className": "entityDocumentList",
    },
    "ref": null,
    "rendered": Object {
      "instance": null,
      "key": undefined,
      "nodeType": "host",
      "props": Object {
        "children": Array [
          <Icon
            theme="filled"
            type="folder"
          />,
          <span>
            سندی موجود نیست
          </span>,
        ],
        "className": "noData",
      },
      "ref": null,
      "rendered": Array [
        Object {
          "instance": null,
          "key": undefined,
          "nodeType": "function",
          "props": Object {
            "theme": "filled",
            "type": "folder",
          },
          "ref": null,
          "rendered": null,
          "type": [Function],
        },
        Object {
          "instance": null,
          "key": undefined,
          "nodeType": "host",
          "props": Object {
            "children": "سندی موجود نیست",
          },
          "ref": null,
          "rendered": "سندی موجود نیست",
          "type": "span",
        },
      ],
      "type": "b",
    },
    "type": "div",
  },
  Symbol(enzyme.__nodes__): Array [
    Object {
      "instance": null,
      "key": undefined,
      "nodeType": "host",
      "props": Object {
        "children": <b
          className="noData"
        >
          <Icon
            theme="filled"
            type="folder"
          />
          <span>
            سندی موجود نیست
          </span>
        </b>,
        "className": "entityDocumentList",
      },
      "ref": null,
      "rendered": Object {
        "instance": null,
        "key": undefined,
        "nodeType": "host",
        "props": Object {
          "children": Array [
            <Icon
              theme="filled"
              type="folder"
            />,
            <span>
              سندی موجود نیست
            </span>,
          ],
          "className": "noData",
        },
        "ref": null,
        "rendered": Array [
          Object {
            "instance": null,
            "key": undefined,
            "nodeType": "function",
            "props": Object {
              "theme": "filled",
              "type": "folder",
            },
            "ref": null,
            "rendered": null,
            "type": [Function],
          },
          Object {
            "instance": null,
            "key": undefined,
            "nodeType": "host",
            "props": Object {
              "children": "سندی موجود نیست",
            },
            "ref": null,
            "rendered": "سندی موجود نیست",
            "type": "span",
          },
        ],
        "type": "b",
      },
      "type": "div",
    },
  ],
  Symbol(enzyme.__options__): Object {
    "adapter": ReactSixteenAdapter {
      "options": Object {
        "enableComponentDidUpdateOnSetState": true,
        "lifecycles": Object {
          "componentDidUpdate": Object {
            "onSetState": true,
          },
          "getDerivedStateFromProps": true,
          "getSnapshotBeforeUpdate": true,
          "setState": Object {
            "skipsComponentDidUpdateOnNullish": true,
          },
        },
      },
    },
  },
}
`;
