// Jest Snapshot v1, https://goo.gl/fbAQLP

exports[`People Component should render People component with the correct DOM structure 1`] = `
ShallowWrapper {
  "length": 1,
  Symbol(enzyme.__root__): [Circular],
  Symbol(enzyme.__unrendered__): <People
    activities={Array []}
    getActivitiesAction={[MockFunction]}
    getOpportunityAction={[MockFunction]}
    getPersonAction={[MockFunction]}
    getPersonByMobileAction={[MockFunction]}
    getPersonInfoAction={[MockFunction]}
    getTaskListAction={[MockFunction]}
    personInfo={
      Object {
        "id": 100,
      }
    }
    personList={
      Object {
        "content": Array [
          Object {
            "firstName": "first_name",
            "id": 10,
            "key": 10,
            "lastName": "last_name",
            "levantId": 14,
            "mobilePhone": "091234567890",
            "nationalCode": "123123",
          },
        ],
        "number": 0,
        "size": 1,
        "totalElements": 1,
      }
    }
    personListError={false}
  />,
  Symbol(enzyme.__renderer__): Object {
    "batchedUpdates": [Function],
    "getNode": [Function],
    "render": [Function],
    "simulateError": [Function],
    "simulateEvent": [Function],
    "unmount": [Function],
  },
  Symbol(enzyme.__node__): Object {
    "instance": null,
    "key": undefined,
    "nodeType": "host",
    "props": Object {
      "children": Array [
        <Toolbar
          addNewDropDown={true}
          addNewDropDownFunc={[Function]}
          addNewDropDownOverlay={
            Array [
              Object {
                "key": 1,
                "name": "افزودن فرد",
                "value": "plus",
              },
              Object {
                "key": 2,
                "name": "وارد کردن افراد",
                "value": "import",
              },
            ]
          }
          allDropDownFunc={[Function]}
          allDropDownOverlay={null}
          allDropDownTitle="تمام نخ ها"
          contactFunc={[Function]}
          contactOverlay={null}
          drawerChildren={
            <b>
              محتوای تستی
            </b>
          }
          drawerTitle="فیلتر نخ ها"
          hasFilter={false}
          hasSearch={false}
          settingFunc={[Function]}
          settingOverlay={null}
          title={null}
        />,
        <AdvancedSearchBar
          className={null}
          data={
            Array [
              Object {
                "name": "levantId",
                "title": "شناسه لوانت",
                "type": "input",
              },
              Object {
                "name": "firstName",
                "title": "نام",
                "type": "input",
              },
              Object {
                "name": "lastName",
                "title": "نام خانوادگی",
                "type": "input",
              },
              Object {
                "name": "mobilePhone",
                "title": "شماره همراه",
                "type": "input",
              },
              Object {
                "name": "nationalCode",
                "title": "کد ملی",
                "type": "input",
              },
            ]
          }
          onSearchLead={[Function]}
        />,
        <CPTable
          bodyStyle={undefined}
          bordered={true}
          childrenColumnName={undefined}
          className={undefined}
          columns={
            Array [
              Object {
                "dataIndex": "levantId",
                "key": "levantId",
                "render": [Function],
                "title": "شناسه لوانت",
              },
              Object {
                "dataIndex": "firstName",
                "key": "firstName",
                "title": "نام",
              },
              Object {
                "dataIndex": "lastName",
                "key": "lastName",
                "title": "نام خانوادگی",
              },
              Object {
                "dataIndex": "mobilePhone",
                "key": "mobilePhone",
                "title": "شماره همراه",
              },
              Object {
                "dataIndex": "nationalCode",
                "key": "nationalCode",
                "title": "کد ملی",
              },
              Object {
                "dataIndex": "mobilePhone",
                "key": "actions",
                "render": [Function],
                "title": "عملیات",
                "width": 150,
              },
            ]
          }
          components={undefined}
          data={
            Array [
              Object {
                "firstName": "first_name",
                "id": 10,
                "key": 10,
                "lastName": "last_name",
                "levantId": 14,
                "mobilePhone": "091234567890",
                "nationalCode": "123123",
              },
            ]
          }
          defaultExpandAllRows={false}
          defaultExpandedRowKeys={undefined}
          expandIconAsCell={true}
          expandIconColumnIndex={undefined}
          expandRowByClick={true}
          expandedRowKeys={Array []}
          expandedRowRender={null}
          footer={null}
          indentSize={undefined}
          loading={false}
          locale={undefined}
          onChange={[Function]}
          onExpand={[Function]}
          onExpandedRowsChange={[Function]}
          onHeaderRow={[Function]}
          onRow={[Function]}
          onRowClick={undefined}
          pagination={false}
          rowClassName={undefined}
          rowKey="id"
          rowSelection={null}
          scroll={undefined}
          showHeader={true}
          size="default"
          style={undefined}
          title={null}
          useFixedHeader={false}
        />,
        <div
          className="pagination"
        >
          <CPPanel
            current={1}
            onChange={[Function]}
            onShowSizeChange={[Function]}
            pageSize={1}
            showQuickJumper={true}
            showSizeChanger={true}
            size="small"
            total={1}
          />
        </div>,
        <Connect(EntityDrawer)
          handleVisible={[Function]}
          source="PERSON"
          visible={false}
        />,
        <CPModal
          afterClose={undefined}
          className="modalAddPerson"
          closable={true}
          confirmLoading={false}
          footer={null}
          mask={true}
          maskClosable={true}
          onCancel={[Function]}
          onOk={[Function]}
          title="ویرایش کاربر"
          visible={false}
          width={520}
        />,
        <CPModal
          afterClose={undefined}
          className="min_modal"
          closable={true}
          confirmLoading={false}
          footer={null}
          mask={true}
          maskClosable={true}
          onCancel={[Function]}
          onOk={[Function]}
          title=""
          visible={false}
          width={520}
        >
          <span>
            این امکان در حال حاضر وجود ندارد ...
          </span>
        </CPModal>,
      ],
      "className": "people",
    },
    "ref": null,
    "rendered": Array [
      Object {
        "instance": null,
        "key": undefined,
        "nodeType": "class",
        "props": Object {
          "addNewDropDown": true,
          "addNewDropDownFunc": [Function],
          "addNewDropDownOverlay": Array [
            Object {
              "key": 1,
              "name": "افزودن فرد",
              "value": "plus",
            },
            Object {
              "key": 2,
              "name": "وارد کردن افراد",
              "value": "import",
            },
          ],
          "allDropDownFunc": [Function],
          "allDropDownOverlay": null,
          "allDropDownTitle": "تمام نخ ها",
          "contactFunc": [Function],
          "contactOverlay": null,
          "drawerChildren": <b>
            محتوای تستی
          </b>,
          "drawerTitle": "فیلتر نخ ها",
          "hasFilter": false,
          "hasSearch": false,
          "settingFunc": [Function],
          "settingOverlay": null,
          "title": null,
        },
        "ref": null,
        "rendered": null,
        "type": [Function],
      },
      Object {
        "instance": null,
        "key": undefined,
        "nodeType": "class",
        "props": Object {
          "className": null,
          "data": Array [
            Object {
              "name": "levantId",
              "title": "شناسه لوانت",
              "type": "input",
            },
            Object {
              "name": "firstName",
              "title": "نام",
              "type": "input",
            },
            Object {
              "name": "lastName",
              "title": "نام خانوادگی",
              "type": "input",
            },
            Object {
              "name": "mobilePhone",
              "title": "شماره همراه",
              "type": "input",
            },
            Object {
              "name": "nationalCode",
              "title": "کد ملی",
              "type": "input",
            },
          ],
          "onSearchLead": [Function],
        },
        "ref": null,
        "rendered": null,
        "type": [Function],
      },
      Object {
        "instance": null,
        "key": undefined,
        "nodeType": "class",
        "props": Object {
          "bodyStyle": undefined,
          "bordered": true,
          "children": undefined,
          "childrenColumnName": undefined,
          "className": undefined,
          "columns": Array [
            Object {
              "dataIndex": "levantId",
              "key": "levantId",
              "render": [Function],
              "title": "شناسه لوانت",
            },
            Object {
              "dataIndex": "firstName",
              "key": "firstName",
              "title": "نام",
            },
            Object {
              "dataIndex": "lastName",
              "key": "lastName",
              "title": "نام خانوادگی",
            },
            Object {
              "dataIndex": "mobilePhone",
              "key": "mobilePhone",
              "title": "شماره همراه",
            },
            Object {
              "dataIndex": "nationalCode",
              "key": "nationalCode",
              "title": "کد ملی",
            },
            Object {
              "dataIndex": "mobilePhone",
              "key": "actions",
              "render": [Function],
              "title": "عملیات",
              "width": 150,
            },
          ],
          "components": undefined,
          "data": Array [
            Object {
              "firstName": "first_name",
              "id": 10,
              "key": 10,
              "lastName": "last_name",
              "levantId": 14,
              "mobilePhone": "091234567890",
              "nationalCode": "123123",
            },
          ],
          "defaultExpandAllRows": false,
          "defaultExpandedRowKeys": undefined,
          "expandIconAsCell": true,
          "expandIconColumnIndex": undefined,
          "expandRowByClick": true,
          "expandedRowKeys": Array [],
          "expandedRowRender": null,
          "footer": null,
          "indentSize": undefined,
          "loading": false,
          "locale": undefined,
          "onChange": [Function],
          "onExpand": [Function],
          "onExpandedRowsChange": [Function],
          "onHeaderRow": [Function],
          "onRow": [Function],
          "onRowClick": undefined,
          "pagination": false,
          "rowClassName": undefined,
          "rowKey": "id",
          "rowSelection": null,
          "scroll": undefined,
          "showHeader": true,
          "size": "default",
          "style": undefined,
          "title": null,
          "useFixedHeader": false,
        },
        "ref": null,
        "rendered": null,
        "type": [Function],
      },
      Object {
        "instance": null,
        "key": undefined,
        "nodeType": "host",
        "props": Object {
          "children": <CPPanel
            current={1}
            onChange={[Function]}
            onShowSizeChange={[Function]}
            pageSize={1}
            showQuickJumper={true}
            showSizeChanger={true}
            size="small"
            total={1}
          />,
          "className": "pagination",
        },
        "ref": null,
        "rendered": Object {
          "instance": null,
          "key": undefined,
          "nodeType": "class",
          "props": Object {
            "current": 1,
            "onChange": [Function],
            "onShowSizeChange": [Function],
            "pageSize": 1,
            "showQuickJumper": true,
            "showSizeChanger": true,
            "size": "small",
            "total": 1,
          },
          "ref": null,
          "rendered": null,
          "type": [Function],
        },
        "type": "div",
      },
      Object {
        "instance": null,
        "key": undefined,
        "nodeType": "class",
        "props": Object {
          "handleVisible": [Function],
          "source": "PERSON",
          "visible": false,
        },
        "ref": null,
        "rendered": null,
        "type": [Function],
      },
      Object {
        "instance": null,
        "key": undefined,
        "nodeType": "class",
        "props": Object {
          "afterClose": undefined,
          "children": false,
          "className": "modalAddPerson",
          "closable": true,
          "confirmLoading": false,
          "footer": null,
          "mask": true,
          "maskClosable": true,
          "onCancel": [Function],
          "onOk": [Function],
          "title": "ویرایش کاربر",
          "visible": false,
          "width": 520,
        },
        "ref": null,
        "rendered": false,
        "type": [Function],
      },
      Object {
        "instance": null,
        "key": undefined,
        "nodeType": "class",
        "props": Object {
          "afterClose": undefined,
          "children": <span>
            این امکان در حال حاضر وجود ندارد ...
          </span>,
          "className": "min_modal",
          "closable": true,
          "confirmLoading": false,
          "footer": null,
          "mask": true,
          "maskClosable": true,
          "onCancel": [Function],
          "onOk": [Function],
          "title": "",
          "visible": false,
          "width": 520,
        },
        "ref": null,
        "rendered": Object {
          "instance": null,
          "key": undefined,
          "nodeType": "host",
          "props": Object {
            "children": "این امکان در حال حاضر وجود ندارد ...",
          },
          "ref": null,
          "rendered": "این امکان در حال حاضر وجود ندارد ...",
          "type": "span",
        },
        "type": [Function],
      },
    ],
    "type": "div",
  },
  Symbol(enzyme.__nodes__): Array [
    Object {
      "instance": null,
      "key": undefined,
      "nodeType": "host",
      "props": Object {
        "children": Array [
          <Toolbar
            addNewDropDown={true}
            addNewDropDownFunc={[Function]}
            addNewDropDownOverlay={
              Array [
                Object {
                  "key": 1,
                  "name": "افزودن فرد",
                  "value": "plus",
                },
                Object {
                  "key": 2,
                  "name": "وارد کردن افراد",
                  "value": "import",
                },
              ]
            }
            allDropDownFunc={[Function]}
            allDropDownOverlay={null}
            allDropDownTitle="تمام نخ ها"
            contactFunc={[Function]}
            contactOverlay={null}
            drawerChildren={
              <b>
                محتوای تستی
              </b>
            }
            drawerTitle="فیلتر نخ ها"
            hasFilter={false}
            hasSearch={false}
            settingFunc={[Function]}
            settingOverlay={null}
            title={null}
          />,
          <AdvancedSearchBar
            className={null}
            data={
              Array [
                Object {
                  "name": "levantId",
                  "title": "شناسه لوانت",
                  "type": "input",
                },
                Object {
                  "name": "firstName",
                  "title": "نام",
                  "type": "input",
                },
                Object {
                  "name": "lastName",
                  "title": "نام خانوادگی",
                  "type": "input",
                },
                Object {
                  "name": "mobilePhone",
                  "title": "شماره همراه",
                  "type": "input",
                },
                Object {
                  "name": "nationalCode",
                  "title": "کد ملی",
                  "type": "input",
                },
              ]
            }
            onSearchLead={[Function]}
          />,
          <CPTable
            bodyStyle={undefined}
            bordered={true}
            childrenColumnName={undefined}
            className={undefined}
            columns={
              Array [
                Object {
                  "dataIndex": "levantId",
                  "key": "levantId",
                  "render": [Function],
                  "title": "شناسه لوانت",
                },
                Object {
                  "dataIndex": "firstName",
                  "key": "firstName",
                  "title": "نام",
                },
                Object {
                  "dataIndex": "lastName",
                  "key": "lastName",
                  "title": "نام خانوادگی",
                },
                Object {
                  "dataIndex": "mobilePhone",
                  "key": "mobilePhone",
                  "title": "شماره همراه",
                },
                Object {
                  "dataIndex": "nationalCode",
                  "key": "nationalCode",
                  "title": "کد ملی",
                },
                Object {
                  "dataIndex": "mobilePhone",
                  "key": "actions",
                  "render": [Function],
                  "title": "عملیات",
                  "width": 150,
                },
              ]
            }
            components={undefined}
            data={
              Array [
                Object {
                  "firstName": "first_name",
                  "id": 10,
                  "key": 10,
                  "lastName": "last_name",
                  "levantId": 14,
                  "mobilePhone": "091234567890",
                  "nationalCode": "123123",
                },
              ]
            }
            defaultExpandAllRows={false}
            defaultExpandedRowKeys={undefined}
            expandIconAsCell={true}
            expandIconColumnIndex={undefined}
            expandRowByClick={true}
            expandedRowKeys={Array []}
            expandedRowRender={null}
            footer={null}
            indentSize={undefined}
            loading={false}
            locale={undefined}
            onChange={[Function]}
            onExpand={[Function]}
            onExpandedRowsChange={[Function]}
            onHeaderRow={[Function]}
            onRow={[Function]}
            onRowClick={undefined}
            pagination={false}
            rowClassName={undefined}
            rowKey="id"
            rowSelection={null}
            scroll={undefined}
            showHeader={true}
            size="default"
            style={undefined}
            title={null}
            useFixedHeader={false}
          />,
          <div
            className="pagination"
          >
            <CPPanel
              current={1}
              onChange={[Function]}
              onShowSizeChange={[Function]}
              pageSize={1}
              showQuickJumper={true}
              showSizeChanger={true}
              size="small"
              total={1}
            />
          </div>,
          <Connect(EntityDrawer)
            handleVisible={[Function]}
            source="PERSON"
            visible={false}
          />,
          <CPModal
            afterClose={undefined}
            className="modalAddPerson"
            closable={true}
            confirmLoading={false}
            footer={null}
            mask={true}
            maskClosable={true}
            onCancel={[Function]}
            onOk={[Function]}
            title="ویرایش کاربر"
            visible={false}
            width={520}
          />,
          <CPModal
            afterClose={undefined}
            className="min_modal"
            closable={true}
            confirmLoading={false}
            footer={null}
            mask={true}
            maskClosable={true}
            onCancel={[Function]}
            onOk={[Function]}
            title=""
            visible={false}
            width={520}
          >
            <span>
              این امکان در حال حاضر وجود ندارد ...
            </span>
          </CPModal>,
        ],
        "className": "people",
      },
      "ref": null,
      "rendered": Array [
        Object {
          "instance": null,
          "key": undefined,
          "nodeType": "class",
          "props": Object {
            "addNewDropDown": true,
            "addNewDropDownFunc": [Function],
            "addNewDropDownOverlay": Array [
              Object {
                "key": 1,
                "name": "افزودن فرد",
                "value": "plus",
              },
              Object {
                "key": 2,
                "name": "وارد کردن افراد",
                "value": "import",
              },
            ],
            "allDropDownFunc": [Function],
            "allDropDownOverlay": null,
            "allDropDownTitle": "تمام نخ ها",
            "contactFunc": [Function],
            "contactOverlay": null,
            "drawerChildren": <b>
              محتوای تستی
            </b>,
            "drawerTitle": "فیلتر نخ ها",
            "hasFilter": false,
            "hasSearch": false,
            "settingFunc": [Function],
            "settingOverlay": null,
            "title": null,
          },
          "ref": null,
          "rendered": null,
          "type": [Function],
        },
        Object {
          "instance": null,
          "key": undefined,
          "nodeType": "class",
          "props": Object {
            "className": null,
            "data": Array [
              Object {
                "name": "levantId",
                "title": "شناسه لوانت",
                "type": "input",
              },
              Object {
                "name": "firstName",
                "title": "نام",
                "type": "input",
              },
              Object {
                "name": "lastName",
                "title": "نام خانوادگی",
                "type": "input",
              },
              Object {
                "name": "mobilePhone",
                "title": "شماره همراه",
                "type": "input",
              },
              Object {
                "name": "nationalCode",
                "title": "کد ملی",
                "type": "input",
              },
            ],
            "onSearchLead": [Function],
          },
          "ref": null,
          "rendered": null,
          "type": [Function],
        },
        Object {
          "instance": null,
          "key": undefined,
          "nodeType": "class",
          "props": Object {
            "bodyStyle": undefined,
            "bordered": true,
            "children": undefined,
            "childrenColumnName": undefined,
            "className": undefined,
            "columns": Array [
              Object {
                "dataIndex": "levantId",
                "key": "levantId",
                "render": [Function],
                "title": "شناسه لوانت",
              },
              Object {
                "dataIndex": "firstName",
                "key": "firstName",
                "title": "نام",
              },
              Object {
                "dataIndex": "lastName",
                "key": "lastName",
                "title": "نام خانوادگی",
              },
              Object {
                "dataIndex": "mobilePhone",
                "key": "mobilePhone",
                "title": "شماره همراه",
              },
              Object {
                "dataIndex": "nationalCode",
                "key": "nationalCode",
                "title": "کد ملی",
              },
              Object {
                "dataIndex": "mobilePhone",
                "key": "actions",
                "render": [Function],
                "title": "عملیات",
                "width": 150,
              },
            ],
            "components": undefined,
            "data": Array [
              Object {
                "firstName": "first_name",
                "id": 10,
                "key": 10,
                "lastName": "last_name",
                "levantId": 14,
                "mobilePhone": "091234567890",
                "nationalCode": "123123",
              },
            ],
            "defaultExpandAllRows": false,
            "defaultExpandedRowKeys": undefined,
            "expandIconAsCell": true,
            "expandIconColumnIndex": undefined,
            "expandRowByClick": true,
            "expandedRowKeys": Array [],
            "expandedRowRender": null,
            "footer": null,
            "indentSize": undefined,
            "loading": false,
            "locale": undefined,
            "onChange": [Function],
            "onExpand": [Function],
            "onExpandedRowsChange": [Function],
            "onHeaderRow": [Function],
            "onRow": [Function],
            "onRowClick": undefined,
            "pagination": false,
            "rowClassName": undefined,
            "rowKey": "id",
            "rowSelection": null,
            "scroll": undefined,
            "showHeader": true,
            "size": "default",
            "style": undefined,
            "title": null,
            "useFixedHeader": false,
          },
          "ref": null,
          "rendered": null,
          "type": [Function],
        },
        Object {
          "instance": null,
          "key": undefined,
          "nodeType": "host",
          "props": Object {
            "children": <CPPanel
              current={1}
              onChange={[Function]}
              onShowSizeChange={[Function]}
              pageSize={1}
              showQuickJumper={true}
              showSizeChanger={true}
              size="small"
              total={1}
            />,
            "className": "pagination",
          },
          "ref": null,
          "rendered": Object {
            "instance": null,
            "key": undefined,
            "nodeType": "class",
            "props": Object {
              "current": 1,
              "onChange": [Function],
              "onShowSizeChange": [Function],
              "pageSize": 1,
              "showQuickJumper": true,
              "showSizeChanger": true,
              "size": "small",
              "total": 1,
            },
            "ref": null,
            "rendered": null,
            "type": [Function],
          },
          "type": "div",
        },
        Object {
          "instance": null,
          "key": undefined,
          "nodeType": "class",
          "props": Object {
            "handleVisible": [Function],
            "source": "PERSON",
            "visible": false,
          },
          "ref": null,
          "rendered": null,
          "type": [Function],
        },
        Object {
          "instance": null,
          "key": undefined,
          "nodeType": "class",
          "props": Object {
            "afterClose": undefined,
            "children": false,
            "className": "modalAddPerson",
            "closable": true,
            "confirmLoading": false,
            "footer": null,
            "mask": true,
            "maskClosable": true,
            "onCancel": [Function],
            "onOk": [Function],
            "title": "ویرایش کاربر",
            "visible": false,
            "width": 520,
          },
          "ref": null,
          "rendered": false,
          "type": [Function],
        },
        Object {
          "instance": null,
          "key": undefined,
          "nodeType": "class",
          "props": Object {
            "afterClose": undefined,
            "children": <span>
              این امکان در حال حاضر وجود ندارد ...
            </span>,
            "className": "min_modal",
            "closable": true,
            "confirmLoading": false,
            "footer": null,
            "mask": true,
            "maskClosable": true,
            "onCancel": [Function],
            "onOk": [Function],
            "title": "",
            "visible": false,
            "width": 520,
          },
          "ref": null,
          "rendered": Object {
            "instance": null,
            "key": undefined,
            "nodeType": "host",
            "props": Object {
              "children": "این امکان در حال حاضر وجود ندارد ...",
            },
            "ref": null,
            "rendered": "این امکان در حال حاضر وجود ندارد ...",
            "type": "span",
          },
          "type": [Function],
        },
      ],
      "type": "div",
    },
  ],
  Symbol(enzyme.__options__): Object {
    "adapter": ReactSixteenAdapter {
      "options": Object {
        "enableComponentDidUpdateOnSetState": true,
        "lifecycles": Object {
          "componentDidUpdate": Object {
            "onSetState": true,
          },
          "getDerivedStateFromProps": true,
          "getSnapshotBeforeUpdate": true,
          "setState": Object {
            "skipsComponentDidUpdateOnNullish": true,
          },
        },
      },
    },
  },
}
`;
